git init
agent1@DESKTOP-1DC7G63 MINGW64 ~/Desktop/GIT/Developer1 (master)
$ ls
index.html

agent1@DESKTOP-1DC7G63 MINGW64 ~/Desktop/GIT/Developer1 (master)
$ git status
On branch master

No commits yet

Untracked files:
  (use "git add <file>..." to include in what will be committed)
        ./

nothing added to commit but untracked files present (use "git add" to track)

agent1@DESKTOP-1DC7G63 MINGW64 ~/Desktop/GIT/Developer1 (master)
$ git add .

gent1@DESKTOP-1DC7G63 MINGW64 ~/Desktop/GIT/Developer1 (master)
$ git config --global user.email "gopinath2963_bcs27@mepcoeng.ac.in"

agent1@DESKTOP-1DC7G63 MINGW64 ~/Desktop/GIT/Developer1 (master)
$ git commit -m " Version 1 "
[master (root-commit) d1e5983]  Version 1
 1 file changed, 8 insertions(+)
 create mode 100644 Developer1/index.html

agent1@DESKTOP-1DC7G63 MINGW64 ~/Desktop/GIT/Developer1 (master)
$ git status
On branch master
nothing to commit, working tree clean

agent1@DESKTOP-1DC7G63 MINGW64 ~/Desktop/GIT/Developer1 (master)
$ git remote add origin "https://github.com/gopinath2963/Devops"

agent1@DESKTOP-1DC7G63 MINGW64 ~/Desktop/GIT/Developer1 (master)
$ git push origin master
info: please complete authentication in your browser...
