git init
agent1@DESKTOP-1DC7G63 MINGW64 ~/Desktop/GIT/Developer1 (master)
$ ls
index.html

agent1@DESKTOP-1DC7G63 MINGW64 ~/Desktop/GIT/Developer1 (master)
$ git status
On branch master

No commits yet

Untracked files:
  (use "git add <file>..." to include in what will be committed)
        ./

nothing added to commit but untracked files present (use "git add" to track)

agent1@DESKTOP-1DC7G63 MINGW64 ~/Desktop/GIT/Developer1 (master)
$ git add .

gent1@DESKTOP-1DC7G63 MINGW64 ~/Desktop/GIT/Developer1 (master)
$ git config --global user.email "gopinath2963_bcs27@mepcoeng.ac.in"

agent1@DESKTOP-1DC7G63 MINGW64 ~/Desktop/GIT/Developer1 (master)
$ git commit -m " Version 1 "
[master (root-commit) d1e5983]  Version 1
 1 file changed, 8 insertions(+)
 create mode 100644 Developer1/index.html

agent1@DESKTOP-1DC7G63 MINGW64 ~/Desktop/GIT/Developer1 (master)
$ git status
On branch master
nothing to commit, working tree clean

agent1@DESKTOP-1DC7G63 MINGW64 ~/Desktop/GIT/Developer1 (master)
$ git remote add origin "https://github.com/gopinath2963/Devops"

agent1@DESKTOP-1DC7G63 MINGW64 ~/Desktop/GIT (master)
$ git push origin master
info: please complete authentication in your browser...
Enumerating objects: 4, done.
Counting objects: 100% (4/4), done.
Delta compression using up to 12 threads
Compressing objects: 100% (2/2), done.
Writing objects: 100% (4/4), 328 bytes | 7.00 KiB/s, done.
Total 4 (delta 0), reused 0 (delta 0), pack-reused 0 (from 0)
remote: 
remote: Create a pull request for 'master' on GitHub by visiting:
remote:      https://github.com/gopinath2963/Devops/pull/new/master
remote: 
To https://github.com/gopinath2963/Devops
 * [new branch]      master -> master

agent1@DESKTOP-1DC7G63 MINGW64 ~/Desktop/GIT/Developer2 (master)
$ git clone "https://github.com/gopinath2963/Devops"
Cloning into 'Devops'...
remote: Enumerating objects: 16, done.
remote: Counting objects: 100% (16/16), done.
remote: Compressing objects: 100% (12/12), done.
remote: Total 16 (delta 2), reused 4 (delta 0), pack-reused 0 (from 0)
Receiving objects: 100% (16/16), done.
Resolving deltas: 100% (2/2), done.
